// Jest Snapshot v1, https://goo.gl/fbAQLP

exports[`Navbar should match the snapshot 1`] = `
<nav
  className="main-nav"
>
  <img
    src="simple-logo.png"
  />
  <div
    className="nav-button-container"
  >
    <NavButton
      name="find mentors"
      nav="/mentors"
    />
    <NavButton
      name="messages"
      nav="/messages"
    />
    <NavButton
      name="meetups"
      nav="/meetups"
    />
    <NavButton
      name="my profile"
      nav="/myprofile"
    />
    <NavButton
      name="log out"
      nav="/"
    />
  </div>
</nav>
`;
