// Jest Snapshot v1, https://goo.gl/fbAQLP

exports[`BeginNavbar should match the snapshot 1`] = `
<nav
  className="begin-nav"
>
  <img
    className="large-logo"
    src="large-logo.png"
  />
  <div
    className="nav-button-container"
  >
    <NavButton
      name="sign up"
      nav="/signup"
    />
    <NavButton
      name="log in"
      nav="/login"
    />
  </div>
</nav>
`;
