// Jest Snapshot v1, https://goo.gl/fbAQLP

exports[`LoginForm should match the snapshot 1`] = `
<section
  className="login-page"
>
  <form
    className="login-form"
  >
    <div
      key="1"
    >
      <p>
        EMAIL
      </p>
      <input
        id="stateEmail"
        onChange={[Function]}
        type="text"
        value=""
      />
    </div>
    <div
      key="2"
    >
      <p>
        PASSWORD
      </p>
      <input
        id="statePassword"
        onChange={[Function]}
        type="password"
        value=""
      />
    </div>
    <button
      className="login-submit-button"
      onClick={[Function]}
    >
      enter
    </button>
  </form>
</section>
`;
