// Jest Snapshot v1, https://goo.gl/fbAQLP

exports[`MessageForm should match the snapshot 1`] = `
<div>
  <p
    className="new-message-tag"
  >
    new message:
  </p>
  <form
    className="message-form"
    type="reset"
  >
    <textarea
      onChange={[Function]}
      value=""
    />
    <button
      onClick={[Function]}
    >
      send message
    </button>
  </form>
</div>
`;
